00:00 +0: loading C:/FlutterProjects/GymFlow/gymapp/test/nutrition_engine_test.dart
00:00 +0 -1: loading C:/FlutterProjects/GymFlow/gymapp/test/nutrition_engine_test.dart [E]
  Failed to load "C:/FlutterProjects/GymFlow/gymapp/test/nutrition_engine_test.dart":
  Compilation failed for testPath=C:/FlutterProjects/GymFlow/gymapp/test/nutrition_engine_test.dart: test/nutrition_engine_test.dart:407:27: Error: Undefined name 'ClinicalAlertType'.
        expect(alert!.type, ClinicalAlertType.dietBreak);
                            ^^^^^^^^^^^^^^^^^
  .
00:00 +0 -1: Some tests failed.
